---
source: tests/smoothy/json.rs
expression: assertion_failed_output
---
assertion failed: `(JSON Value is an array)`
           found:  Number(42)
