---
source: tests/smoothy/boolean.rs
expression: assertion_failed_output
---
assertion failed: `(Value is false)`
           found:  true
