---
source: tests/smoothy/json.rs
expression: assertion_failed_output
---
[31mAssertion failed![0m

Expected
  [31mNull[0m
JSON to be a number
