---
source: tests/smoothy/option/is_some.rs
expression: assertion_failed_output
---
[31mAssertion failed![0m

Expected
  [31mNone[0m
to be Some
