---
source: tests/smoothy/string/starts_with.rs
expression: assertion_failed_output
---
[31mAssertion failed![0m

Expected
  [31m"Hello World"[0m
to start with
  [32m"BlaFasel"[0m
