---
source: tests/smoothy/string/contains.rs
expression: assertion_failed_output
---
[31mAssertion failed![0m

Expected
  [31m"Hello World"[0m
to contain
  [32m"BlaFasel"[0m
