---
source: tests/smoothy/string/matches.rs
expression: assertion_failed_output
---
assertion failed: `(Value is matching regex)`
           found:  "I deny having fun."
