---
source: tests/smoothy/result/is_ok.rs
expression: assertion_failed_output
---
assertion failed: `(Result is Ok)`
           found:  Err(())
