---
source: tests/smoothy/result/is_err.rs
expression: assertion_failed_output
---
assertion failed: `(Result is Err)`
           found:  Ok(())
