---
source: tests/smoothy/result/is_ok.rs
expression: assertion_failed_output
---
assertion failed: `(actual == expected)`'
   actual: `"\"Hello There\""`
 expected: `"\"yo\""`

[1mDifferences[0m ([31m[2m-[0m[31mactual[0m|[32m[2m+[0m[32mexpected[0m):
[31m[1m[2m-[0m[31m"[0m[31m[1m[4mHello There[0m[31m"[0m
[32m[1m[2m+[0m[32m"[0m[32m[1m[4myo[0m[32m"[0m
