---
source: tests/smoothy/equality/try_not_equals.rs
expression: assertion_failed_output
---
[31mAssertion failed![0m

Expected
  [31m42[0m
to not match
  [32m42[0m
