---
source: tests/smoothy/equality/equals.rs
expression: assertion_failed_output
---
assertion failed: `(left == right)`

[1mDiff[0m [31m< left[0m / [32mright >[0m :
 (
[31m<    1,[0m
     2,
[32m>    1,[0m
 )
