---
source: tests/smoothy/equality/equals.rs
expression: assertion_failed_output
---
assertion failed: `(left == right)`

[1mDiff[0m [31m< left[0m / [32mright >[0m :
[31m<'[0m[1;48;5;52;31ma[0m[31m'[0m
[32m>'[0m[1;48;5;22;32mA[0m[32m'[0m
