---
source: tests/smoothy/equality/try_equals.rs
expression: assertion_failed_output
---
assertion failed: `(TryInto conversion succeeds)`
           found:  Err(TryFromIntError(()))
