---
source: tests/smoothy/equality/equals.rs
expression: assertion_failed_output
---
assertion failed: `(left == right)`

[1mDiff[0m [31m< left[0m / [32mright >[0m :
 [
     1,
     2,
[31m<    3,[0m
 ]
