---
source: tests/smoothy/equality/equals.rs
expression: assertion_failed_output
---
assertion failed: `(left == right)`

[1mDiff[0m [31m< left[0m / [32mright >[0m :
 Test {
[31m<    data: "",[0m
[32m>    data: "[0m[1;48;5;22;32myo[0m[32m",[0m
 }
