---
source: tests/smoothy/equality/try_equals.rs
expression: assertion_failed_output
---
assertion failed: `(left == right)`

[1mDiff[0m [31m< left[0m / [32mright >[0m :
[31m<[0m[1;48;5;52;31m42[0m
[32m>[0m[1;48;5;22;32m100[0m
