---
source: tests/smoothy/equality/is_not.rs
expression: assertion_failed_output
---
[31mAssertion failed![0m

Expected
  [31m21[0m
to not match
  [32m21[0m
