---
source: tests/smoothy/equality/not_equals.rs
expression: assertion_failed_output
---
assertion failed: `(left != right)`

Both sides:
12
