---
source: tests/smoothy/equality/try_not_equals.rs
expression: assertion_failed_output
---
[31mAssertion failed![0m

Expected
  [31mErr(TryFromIntError(()))[0m
to be a successful conversion
