---
source: tests/smoothy/iter/indices.rs
expression: assertion_failed_output
---
[31mAssertion failed![0m

Expected
  [31m[][0m
to contain a second item
