---
source: tests/smoothy/iter/is_not_empty.rs
expression: assertion_failed_output
---
[31mAssertion failed![0m

Expected
  [31m[][0m
to contain at least one item
