---
source: tests/smoothy/iter/contains.rs
expression: assertion_failed_output
---
assertion failed: `(Iterator contains item)`
