---
source: tests/smoothy/iter/contains_only.rs
expression: assertion_failed_output
---
[31mAssertion failed![0m

Expected
  [31m[1, 2, 3][0m
to contain only
  [1, 2]
but found extra items
  [32m[3][0m
