---
source: tests/smoothy/iter/indices.rs
expression: assertion_failed_output
---
assertion failed: `(Iterator has third item)`
           found:  None
